Hi, I just had my second miscarriage and I’m honestly devastated. All my tests keep coming back ‘normal’ and I don’t understand what’s wrong with me
That must feel unbearably heavy, carrying that pain and confusion with no clear answers from the tests. It’s so hard when your body is sending you such a strong message and you’re left feeling lost in the silence of what’s not showing up.
I’d love to hear more about where you’re at with all of this, if you feel like sharing. What has this experience been like for you?
Score 38
ttc_2yr+
diagnosis_none
urgency_high
readiness_exploring
fit_medium
$0.00114 · 2335↑ 127↓ · gpt-4.1-mini-2025-04-14
very annoying, feels like doctors are following the text book more than what they see
That frustration makes so much sense, like your experience is being boxed into a checklist rather than truly being seen for what it is. You shouldn’t have to feel sidelined when your pain is very real and deeply personal.
Tell me a little more about how you’ve been navigating this , what’s been your process between losses and how have you been caring for yourself through it all?
Score 52
ttc_2yr+
diagnosis_confirmed
urgency_high
readiness_exploring
fit_medium
$0.00138 · 2966↑ 123↓ · gpt-4.1-mini-2025-04-14
its been tough, but i want to talk to someone who knows what they are doing
That desire to connect with someone who truly understands and has the experience to guide you is so important, especially when the path feels so uncertain and heavy. You deserve support that feels knowledgeable and deeply attuned to your journey.
I'd love to hear more about what you've tried so far and what kind of support feels right for you as you move forward.
Score 80
ttc_2yr+
diagnosis_confirmed
urgency_high
readiness_considering
fit_high
$0.00128 · 2739↑ 115↓ · gpt-4.1-mini-2025-04-14